[0.319s] Invoking command in '/home/prethiviraj/ros2/workspaces/butler_robot/src/butler_robot': PYTHONPATH=/home/prethiviraj/ros2/workspaces/butler_robot/build/butler_robot/prefix_override:/usr/lib/python3/dist-packages/colcon_core/task/python/colcon_distutils_commands:/home/prethiviraj/ros2/workspaces/butler_robot/install/butler_robot/lib/python3.10/site-packages:${PYTHONPATH} /usr/bin/python3 -W ignore:setup.py install is deprecated -W ignore:easy_install command is deprecated setup.py egg_info --egg-base ../../build/butler_robot build --build-base /home/prethiviraj/ros2/workspaces/butler_robot/build/butler_robot/build install --record /home/prethiviraj/ros2/workspaces/butler_robot/build/butler_robot/install.log --single-version-externally-managed install_data
[0.441s] running egg_info
[0.441s] writing ../../build/butler_robot/butler_robot.egg-info/PKG-INFO
[0.441s] writing dependency_links to ../../build/butler_robot/butler_robot.egg-info/dependency_links.txt
[0.441s] writing entry points to ../../build/butler_robot/butler_robot.egg-info/entry_points.txt
[0.441s] writing requirements to ../../build/butler_robot/butler_robot.egg-info/requires.txt
[0.441s] writing top-level names to ../../build/butler_robot/butler_robot.egg-info/top_level.txt
[0.442s] reading manifest file '../../build/butler_robot/butler_robot.egg-info/SOURCES.txt'
[0.443s] writing manifest file '../../build/butler_robot/butler_robot.egg-info/SOURCES.txt'
[0.443s] running build
[0.443s] running build_py
[0.443s] copying butler_robot/image_save.py -> /home/prethiviraj/ros2/workspaces/butler_robot/build/butler_robot/build/lib/butler_robot
[0.443s] running install
[0.443s] running install_lib
[0.444s] copying /home/prethiviraj/ros2/workspaces/butler_robot/build/butler_robot/build/lib/butler_robot/image_save.py -> /home/prethiviraj/ros2/workspaces/butler_robot/install/butler_robot/lib/python3.10/site-packages/butler_robot
[0.444s] byte-compiling /home/prethiviraj/ros2/workspaces/butler_robot/install/butler_robot/lib/python3.10/site-packages/butler_robot/image_save.py to image_save.cpython-310.pyc
[0.444s] running install_data
[0.444s] running install_egg_info
[0.445s] removing '/home/prethiviraj/ros2/workspaces/butler_robot/install/butler_robot/lib/python3.10/site-packages/butler_robot-0.0.0-py3.10.egg-info' (and everything under it)
[0.445s] Copying ../../build/butler_robot/butler_robot.egg-info to /home/prethiviraj/ros2/workspaces/butler_robot/install/butler_robot/lib/python3.10/site-packages/butler_robot-0.0.0-py3.10.egg-info
[0.446s] running install_scripts
[0.457s] Installing bt script to /home/prethiviraj/ros2/workspaces/butler_robot/install/butler_robot/lib/butler_robot
[0.457s] Installing debug script to /home/prethiviraj/ros2/workspaces/butler_robot/install/butler_robot/lib/butler_robot
[0.457s] Installing goal_publisher script to /home/prethiviraj/ros2/workspaces/butler_robot/install/butler_robot/lib/butler_robot
[0.457s] Installing image_save script to /home/prethiviraj/ros2/workspaces/butler_robot/install/butler_robot/lib/butler_robot
[0.457s] writing list of installed files to '/home/prethiviraj/ros2/workspaces/butler_robot/build/butler_robot/install.log'
[0.474s] Invoked command in '/home/prethiviraj/ros2/workspaces/butler_robot/src/butler_robot' returned '0': PYTHONPATH=/home/prethiviraj/ros2/workspaces/butler_robot/build/butler_robot/prefix_override:/usr/lib/python3/dist-packages/colcon_core/task/python/colcon_distutils_commands:/home/prethiviraj/ros2/workspaces/butler_robot/install/butler_robot/lib/python3.10/site-packages:${PYTHONPATH} /usr/bin/python3 -W ignore:setup.py install is deprecated -W ignore:easy_install command is deprecated setup.py egg_info --egg-base ../../build/butler_robot build --build-base /home/prethiviraj/ros2/workspaces/butler_robot/build/butler_robot/build install --record /home/prethiviraj/ros2/workspaces/butler_robot/build/butler_robot/install.log --single-version-externally-managed install_data
