running egg_info
writing ../../build/butler_robot/butler_robot.egg-info/PKG-INFO
writing dependency_links to ../../build/butler_robot/butler_robot.egg-info/dependency_links.txt
writing entry points to ../../build/butler_robot/butler_robot.egg-info/entry_points.txt
writing requirements to ../../build/butler_robot/butler_robot.egg-info/requires.txt
writing top-level names to ../../build/butler_robot/butler_robot.egg-info/top_level.txt
reading manifest file '../../build/butler_robot/butler_robot.egg-info/SOURCES.txt'
writing manifest file '../../build/butler_robot/butler_robot.egg-info/SOURCES.txt'
running build
running build_py
copying butler_robot/bt.py -> /home/prethiviraj/butler_robot/build/butler_robot/build/lib/butler_robot
running install
running install_lib
copying /home/prethiviraj/butler_robot/build/butler_robot/build/lib/butler_robot/bt.py -> /home/prethiviraj/butler_robot/install/butler_robot/lib/python3.10/site-packages/butler_robot
byte-compiling /home/prethiviraj/butler_robot/install/butler_robot/lib/python3.10/site-packages/butler_robot/bt.py to bt.cpython-310.pyc
running install_data
copying launch/gazebo_robot.launch.py -> /home/prethiviraj/butler_robot/install/butler_robot/share/butler_robot/launch
copying model/robot.xacro -> /home/prethiviraj/butler_robot/install/butler_robot/share/butler_robot/model
copying model/robot.gazebo -> /home/prethiviraj/butler_robot/install/butler_robot/share/butler_robot/model
running install_egg_info
removing '/home/prethiviraj/butler_robot/install/butler_robot/lib/python3.10/site-packages/butler_robot-0.0.0-py3.10.egg-info' (and everything under it)
Copying ../../build/butler_robot/butler_robot.egg-info to /home/prethiviraj/butler_robot/install/butler_robot/lib/python3.10/site-packages/butler_robot-0.0.0-py3.10.egg-info
running install_scripts
Installing bt script to /home/prethiviraj/butler_robot/install/butler_robot/lib/butler_robot
Installing goal_publisher script to /home/prethiviraj/butler_robot/install/butler_robot/lib/butler_robot
writing list of installed files to '/home/prethiviraj/butler_robot/build/butler_robot/install.log'
