[0.385s] Invoking command in '/home/prethiviraj/ros2/workspaces/butler_robot/src/butler_robot': PYTHONPATH=/home/prethiviraj/ros2/workspaces/butler_robot/build/butler_robot/prefix_override:/usr/lib/python3/dist-packages/colcon_core/task/python/colcon_distutils_commands:/home/prethiviraj/ros2/workspaces/butler_robot/install/butler_robot/lib/python3.10/site-packages:${PYTHONPATH} /usr/bin/python3 -W ignore:setup.py install is deprecated -W ignore:easy_install command is deprecated setup.py egg_info --egg-base ../../build/butler_robot build --build-base /home/prethiviraj/ros2/workspaces/butler_robot/build/butler_robot/build install --record /home/prethiviraj/ros2/workspaces/butler_robot/build/butler_robot/install.log --single-version-externally-managed install_data
[0.533s] running egg_info
[0.533s] writing ../../build/butler_robot/butler_robot.egg-info/PKG-INFO
[0.533s] writing dependency_links to ../../build/butler_robot/butler_robot.egg-info/dependency_links.txt
[0.534s] writing entry points to ../../build/butler_robot/butler_robot.egg-info/entry_points.txt
[0.534s] writing requirements to ../../build/butler_robot/butler_robot.egg-info/requires.txt
[0.534s] writing top-level names to ../../build/butler_robot/butler_robot.egg-info/top_level.txt
[0.535s] reading manifest file '../../build/butler_robot/butler_robot.egg-info/SOURCES.txt'
[0.536s] writing manifest file '../../build/butler_robot/butler_robot.egg-info/SOURCES.txt'
[0.536s] running build
[0.536s] running build_py
[0.536s] copying butler_robot/image_save.py -> /home/prethiviraj/ros2/workspaces/butler_robot/build/butler_robot/build/lib/butler_robot
[0.536s] running install
[0.536s] running install_lib
[0.537s] copying /home/prethiviraj/ros2/workspaces/butler_robot/build/butler_robot/build/lib/butler_robot/image_save.py -> /home/prethiviraj/ros2/workspaces/butler_robot/install/butler_robot/lib/python3.10/site-packages/butler_robot
[0.537s] byte-compiling /home/prethiviraj/ros2/workspaces/butler_robot/install/butler_robot/lib/python3.10/site-packages/butler_robot/image_save.py to image_save.cpython-310.pyc
[0.537s] running install_data
[0.537s] running install_egg_info
[0.539s] removing '/home/prethiviraj/ros2/workspaces/butler_robot/install/butler_robot/lib/python3.10/site-packages/butler_robot-0.0.0-py3.10.egg-info' (and everything under it)
[0.539s] Copying ../../build/butler_robot/butler_robot.egg-info to /home/prethiviraj/ros2/workspaces/butler_robot/install/butler_robot/lib/python3.10/site-packages/butler_robot-0.0.0-py3.10.egg-info
[0.539s] running install_scripts
[0.552s] Installing bt script to /home/prethiviraj/ros2/workspaces/butler_robot/install/butler_robot/lib/butler_robot
[0.552s] Installing debug script to /home/prethiviraj/ros2/workspaces/butler_robot/install/butler_robot/lib/butler_robot
[0.552s] Installing goal_publisher script to /home/prethiviraj/ros2/workspaces/butler_robot/install/butler_robot/lib/butler_robot
[0.552s] Installing image_save script to /home/prethiviraj/ros2/workspaces/butler_robot/install/butler_robot/lib/butler_robot
[0.552s] writing list of installed files to '/home/prethiviraj/ros2/workspaces/butler_robot/build/butler_robot/install.log'
[0.568s] Invoked command in '/home/prethiviraj/ros2/workspaces/butler_robot/src/butler_robot' returned '0': PYTHONPATH=/home/prethiviraj/ros2/workspaces/butler_robot/build/butler_robot/prefix_override:/usr/lib/python3/dist-packages/colcon_core/task/python/colcon_distutils_commands:/home/prethiviraj/ros2/workspaces/butler_robot/install/butler_robot/lib/python3.10/site-packages:${PYTHONPATH} /usr/bin/python3 -W ignore:setup.py install is deprecated -W ignore:easy_install command is deprecated setup.py egg_info --egg-base ../../build/butler_robot build --build-base /home/prethiviraj/ros2/workspaces/butler_robot/build/butler_robot/build install --record /home/prethiviraj/ros2/workspaces/butler_robot/build/butler_robot/install.log --single-version-externally-managed install_data
