/home/prethiviraj/ros2/workspaces/butler_robot/install/butler_robot/lib/python3.10/site-packages/butler_robot/robot_movement.py
/home/prethiviraj/ros2/workspaces/butler_robot/install/butler_robot/lib/python3.10/site-packages/butler_robot/navigation.py
/home/prethiviraj/ros2/workspaces/butler_robot/install/butler_robot/lib/python3.10/site-packages/butler_robot/image_save.py
/home/prethiviraj/ros2/workspaces/butler_robot/install/butler_robot/lib/python3.10/site-packages/butler_robot/__init__.py
/home/prethiviraj/ros2/workspaces/butler_robot/install/butler_robot/lib/python3.10/site-packages/butler_robot/debug.py
/home/prethiviraj/ros2/workspaces/butler_robot/install/butler_robot/lib/python3.10/site-packages/butler_robot/bt.py
/home/prethiviraj/ros2/workspaces/butler_robot/install/butler_robot/lib/python3.10/site-packages/butler_robot/__pycache__/robot_movement.cpython-310.pyc
/home/prethiviraj/ros2/workspaces/butler_robot/install/butler_robot/lib/python3.10/site-packages/butler_robot/__pycache__/navigation.cpython-310.pyc
/home/prethiviraj/ros2/workspaces/butler_robot/install/butler_robot/lib/python3.10/site-packages/butler_robot/__pycache__/image_save.cpython-310.pyc
/home/prethiviraj/ros2/workspaces/butler_robot/install/butler_robot/lib/python3.10/site-packages/butler_robot/__pycache__/__init__.cpython-310.pyc
/home/prethiviraj/ros2/workspaces/butler_robot/install/butler_robot/lib/python3.10/site-packages/butler_robot/__pycache__/debug.cpython-310.pyc
/home/prethiviraj/ros2/workspaces/butler_robot/install/butler_robot/lib/python3.10/site-packages/butler_robot/__pycache__/bt.cpython-310.pyc
/home/prethiviraj/ros2/workspaces/butler_robot/install/butler_robot/share/ament_index/resource_index/packages/butler_robot
/home/prethiviraj/ros2/workspaces/butler_robot/install/butler_robot/share/butler_robot/package.xml
/home/prethiviraj/ros2/workspaces/butler_robot/install/butler_robot/share/butler_robot/launch/robot_navigation.launch.py
/home/prethiviraj/ros2/workspaces/butler_robot/install/butler_robot/share/butler_robot/launch/gazebo_robot.launch.py
/home/prethiviraj/ros2/workspaces/butler_robot/install/butler_robot/share/butler_robot/model/robot.xacro
/home/prethiviraj/ros2/workspaces/butler_robot/install/butler_robot/share/butler_robot/model/robot.gazebo
/home/prethiviraj/ros2/workspaces/butler_robot/install/butler_robot/share/butler_robot/world/french_cafe.world
/home/prethiviraj/ros2/workspaces/butler_robot/install/butler_robot/lib/python3.10/site-packages/butler_robot-0.0.0-py3.10.egg-info/zip-safe
/home/prethiviraj/ros2/workspaces/butler_robot/install/butler_robot/lib/python3.10/site-packages/butler_robot-0.0.0-py3.10.egg-info/requires.txt
/home/prethiviraj/ros2/workspaces/butler_robot/install/butler_robot/lib/python3.10/site-packages/butler_robot-0.0.0-py3.10.egg-info/PKG-INFO
/home/prethiviraj/ros2/workspaces/butler_robot/install/butler_robot/lib/python3.10/site-packages/butler_robot-0.0.0-py3.10.egg-info/entry_points.txt
/home/prethiviraj/ros2/workspaces/butler_robot/install/butler_robot/lib/python3.10/site-packages/butler_robot-0.0.0-py3.10.egg-info/dependency_links.txt
/home/prethiviraj/ros2/workspaces/butler_robot/install/butler_robot/lib/python3.10/site-packages/butler_robot-0.0.0-py3.10.egg-info/SOURCES.txt
/home/prethiviraj/ros2/workspaces/butler_robot/install/butler_robot/lib/python3.10/site-packages/butler_robot-0.0.0-py3.10.egg-info/top_level.txt
/home/prethiviraj/ros2/workspaces/butler_robot/install/butler_robot/lib/butler_robot/bt
/home/prethiviraj/ros2/workspaces/butler_robot/install/butler_robot/lib/butler_robot/debug
/home/prethiviraj/ros2/workspaces/butler_robot/install/butler_robot/lib/butler_robot/goal_publisher
/home/prethiviraj/ros2/workspaces/butler_robot/install/butler_robot/lib/butler_robot/image_save
