[0.361s] Invoking command in '/home/prethiviraj/butler_robot/src/butler_robot': PYTHONPATH=/home/prethiviraj/butler_robot/build/butler_robot/prefix_override:/usr/lib/python3/dist-packages/colcon_core/task/python/colcon_distutils_commands:/home/prethiviraj/butler_robot/install/butler_robot/lib/python3.10/site-packages:${PYTHONPATH} /usr/bin/python3 -W ignore:setup.py install is deprecated -W ignore:easy_install command is deprecated setup.py egg_info --egg-base ../../build/butler_robot build --build-base /home/prethiviraj/butler_robot/build/butler_robot/build install --record /home/prethiviraj/butler_robot/build/butler_robot/install.log --single-version-externally-managed install_data
[0.498s] running egg_info
[0.499s] writing ../../build/butler_robot/butler_robot.egg-info/PKG-INFO
[0.499s] writing dependency_links to ../../build/butler_robot/butler_robot.egg-info/dependency_links.txt
[0.499s] writing entry points to ../../build/butler_robot/butler_robot.egg-info/entry_points.txt
[0.499s] writing requirements to ../../build/butler_robot/butler_robot.egg-info/requires.txt
[0.499s] writing top-level names to ../../build/butler_robot/butler_robot.egg-info/top_level.txt
[0.500s] reading manifest file '../../build/butler_robot/butler_robot.egg-info/SOURCES.txt'
[0.501s] writing manifest file '../../build/butler_robot/butler_robot.egg-info/SOURCES.txt'
[0.501s] running build
[0.501s] running build_py
[0.501s] running install
[0.502s] running install_lib
[0.502s] running install_data
[0.503s] running install_egg_info
[0.504s] removing '/home/prethiviraj/butler_robot/install/butler_robot/lib/python3.10/site-packages/butler_robot-0.0.0-py3.10.egg-info' (and everything under it)
[0.504s] Copying ../../build/butler_robot/butler_robot.egg-info to /home/prethiviraj/butler_robot/install/butler_robot/lib/python3.10/site-packages/butler_robot-0.0.0-py3.10.egg-info
[0.504s] running install_scripts
[0.516s] Installing debug script to /home/prethiviraj/butler_robot/install/butler_robot/lib/butler_robot
[0.517s] Installing go_to_goal script to /home/prethiviraj/butler_robot/install/butler_robot/lib/butler_robot
[0.517s] Installing move_robot script to /home/prethiviraj/butler_robot/install/butler_robot/lib/butler_robot
[0.517s] writing list of installed files to '/home/prethiviraj/butler_robot/build/butler_robot/install.log'
[0.534s] Invoked command in '/home/prethiviraj/butler_robot/src/butler_robot' returned '0': PYTHONPATH=/home/prethiviraj/butler_robot/build/butler_robot/prefix_override:/usr/lib/python3/dist-packages/colcon_core/task/python/colcon_distutils_commands:/home/prethiviraj/butler_robot/install/butler_robot/lib/python3.10/site-packages:${PYTHONPATH} /usr/bin/python3 -W ignore:setup.py install is deprecated -W ignore:easy_install command is deprecated setup.py egg_info --egg-base ../../build/butler_robot build --build-base /home/prethiviraj/butler_robot/build/butler_robot/build install --record /home/prethiviraj/butler_robot/build/butler_robot/install.log --single-version-externally-managed install_data
