[0.066s] DEBUG:colcon:Command line arguments: ['/usr/bin/colcon', 'list', '-p', '--base-paths', '/home/prethiviraj/butler_robot']
[0.066s] DEBUG:colcon:Parsed command line arguments: Namespace(log_base=None, log_level=None, verb_name='list', build_base='build', ignore_user_meta=False, metas=['./colcon.meta'], base_paths=['/home/prethiviraj/butler_robot'], packages_ignore=None, packages_ignore_regex=None, paths=None, packages_up_to=None, packages_up_to_regex=None, packages_above=None, packages_above_and_dependencies=None, packages_above_depth=None, packages_select_by_dep=None, packages_skip_by_dep=None, packages_skip_up_to=None, packages_select_build_failed=False, packages_skip_build_finished=False, packages_select_test_failures=False, packages_skip_test_passed=False, packages_select=None, packages_skip=None, packages_select_regex=None, packages_skip_regex=None, packages_start=None, packages_end=None, allow_overriding=[], topological_order=False, names_only=False, paths_only=True, topological_graph=False, topological_graph_dot=False, topological_graph_density=False, topological_graph_legend=False, topological_graph_dot_cluster=False, topological_graph_dot_include_skipped=False, mixin_files=None, mixin=None, verb_parser=<colcon_mixin.mixin.mixin_argument.MixinArgumentDecorator object at 0x70d71321ee90>, verb_extension=<colcon_package_information.verb.list.ListVerb object at 0x70d71321e230>, main=<bound method ListVerb.main of <colcon_package_information.verb.list.ListVerb object at 0x70d71321e230>>, mixin_verb=('list',))
[0.159s] Level 1:colcon.colcon_core.package_discovery:discover_packages(colcon_meta) check parameters
[0.159s] Level 1:colcon.colcon_core.package_discovery:discover_packages(recursive) check parameters
[0.159s] Level 1:colcon.colcon_core.package_discovery:discover_packages(ignore) check parameters
[0.159s] Level 1:colcon.colcon_core.package_discovery:discover_packages(path) check parameters
[0.159s] Level 1:colcon.colcon_core.package_discovery:discover_packages(recursive) discover
[0.159s] INFO:colcon.colcon_core.package_discovery:Crawling recursively for packages in '/home/prethiviraj/butler_robot'
[0.159s] Level 1:colcon.colcon_core.package_identification:_identify(/home/prethiviraj/butler_robot) by extensions ['ignore', 'ignore_ament_install']
[0.160s] Level 1:colcon.colcon_core.package_identification:_identify(/home/prethiviraj/butler_robot) by extension 'ignore'
[0.160s] Level 1:colcon.colcon_core.package_identification:_identify(/home/prethiviraj/butler_robot) by extension 'ignore_ament_install'
[0.160s] Level 1:colcon.colcon_core.package_identification:_identify(/home/prethiviraj/butler_robot) by extensions ['colcon_pkg']
[0.160s] Level 1:colcon.colcon_core.package_identification:_identify(/home/prethiviraj/butler_robot) by extension 'colcon_pkg'
[0.160s] Level 1:colcon.colcon_core.package_identification:_identify(/home/prethiviraj/butler_robot) by extensions ['colcon_meta']
[0.160s] Level 1:colcon.colcon_core.package_identification:_identify(/home/prethiviraj/butler_robot) by extension 'colcon_meta'
[0.160s] Level 1:colcon.colcon_core.package_identification:_identify(/home/prethiviraj/butler_robot) by extensions ['ros']
[0.160s] Level 1:colcon.colcon_core.package_identification:_identify(/home/prethiviraj/butler_robot) by extension 'ros'
[0.166s] Level 1:colcon.colcon_core.package_identification:_identify(/home/prethiviraj/butler_robot) by extensions ['cmake', 'python']
[0.166s] Level 1:colcon.colcon_core.package_identification:_identify(/home/prethiviraj/butler_robot) by extension 'cmake'
[0.166s] Level 1:colcon.colcon_core.package_identification:_identify(/home/prethiviraj/butler_robot) by extension 'python'
[0.166s] Level 1:colcon.colcon_core.package_identification:_identify(/home/prethiviraj/butler_robot) by extensions ['python_setup_py']
[0.166s] Level 1:colcon.colcon_core.package_identification:_identify(/home/prethiviraj/butler_robot) by extension 'python_setup_py'
[0.166s] Level 1:colcon.colcon_core.package_identification:_identify(/home/prethiviraj/butler_robot/build) by extensions ['ignore', 'ignore_ament_install']
[0.166s] Level 1:colcon.colcon_core.package_identification:_identify(/home/prethiviraj/butler_robot/build) by extension 'ignore'
[0.166s] Level 1:colcon.colcon_core.package_identification:_identify(/home/prethiviraj/butler_robot/build) ignored
[0.166s] Level 1:colcon.colcon_core.package_identification:_identify(/home/prethiviraj/butler_robot/install) by extensions ['ignore', 'ignore_ament_install']
[0.166s] Level 1:colcon.colcon_core.package_identification:_identify(/home/prethiviraj/butler_robot/install) by extension 'ignore'
[0.166s] Level 1:colcon.colcon_core.package_identification:_identify(/home/prethiviraj/butler_robot/install) ignored
[0.166s] Level 1:colcon.colcon_core.package_identification:_identify(/home/prethiviraj/butler_robot/log) by extensions ['ignore', 'ignore_ament_install']
[0.166s] Level 1:colcon.colcon_core.package_identification:_identify(/home/prethiviraj/butler_robot/log) by extension 'ignore'
[0.166s] Level 1:colcon.colcon_core.package_identification:_identify(/home/prethiviraj/butler_robot/log) ignored
[0.167s] Level 1:colcon.colcon_core.package_identification:_identify(/home/prethiviraj/butler_robot/src) by extensions ['ignore', 'ignore_ament_install']
[0.167s] Level 1:colcon.colcon_core.package_identification:_identify(/home/prethiviraj/butler_robot/src) by extension 'ignore'
[0.167s] Level 1:colcon.colcon_core.package_identification:_identify(/home/prethiviraj/butler_robot/src) by extension 'ignore_ament_install'
[0.167s] Level 1:colcon.colcon_core.package_identification:_identify(/home/prethiviraj/butler_robot/src) by extensions ['colcon_pkg']
[0.167s] Level 1:colcon.colcon_core.package_identification:_identify(/home/prethiviraj/butler_robot/src) by extension 'colcon_pkg'
[0.167s] Level 1:colcon.colcon_core.package_identification:_identify(/home/prethiviraj/butler_robot/src) by extensions ['colcon_meta']
[0.167s] Level 1:colcon.colcon_core.package_identification:_identify(/home/prethiviraj/butler_robot/src) by extension 'colcon_meta'
[0.167s] Level 1:colcon.colcon_core.package_identification:_identify(/home/prethiviraj/butler_robot/src) by extensions ['ros']
[0.167s] Level 1:colcon.colcon_core.package_identification:_identify(/home/prethiviraj/butler_robot/src) by extension 'ros'
[0.167s] Level 1:colcon.colcon_core.package_identification:_identify(/home/prethiviraj/butler_robot/src) by extensions ['cmake', 'python']
[0.167s] Level 1:colcon.colcon_core.package_identification:_identify(/home/prethiviraj/butler_robot/src) by extension 'cmake'
[0.167s] Level 1:colcon.colcon_core.package_identification:_identify(/home/prethiviraj/butler_robot/src) by extension 'python'
[0.167s] Level 1:colcon.colcon_core.package_identification:_identify(/home/prethiviraj/butler_robot/src) by extensions ['python_setup_py']
[0.167s] Level 1:colcon.colcon_core.package_identification:_identify(/home/prethiviraj/butler_robot/src) by extension 'python_setup_py'
[0.167s] Level 1:colcon.colcon_core.package_identification:_identify(/home/prethiviraj/butler_robot/src/butler_robot) by extensions ['ignore', 'ignore_ament_install']
[0.167s] Level 1:colcon.colcon_core.package_identification:_identify(/home/prethiviraj/butler_robot/src/butler_robot) by extension 'ignore'
[0.167s] Level 1:colcon.colcon_core.package_identification:_identify(/home/prethiviraj/butler_robot/src/butler_robot) by extension 'ignore_ament_install'
[0.167s] Level 1:colcon.colcon_core.package_identification:_identify(/home/prethiviraj/butler_robot/src/butler_robot) by extensions ['colcon_pkg']
[0.167s] Level 1:colcon.colcon_core.package_identification:_identify(/home/prethiviraj/butler_robot/src/butler_robot) by extension 'colcon_pkg'
[0.167s] Level 1:colcon.colcon_core.package_identification:_identify(/home/prethiviraj/butler_robot/src/butler_robot) by extensions ['colcon_meta']
[0.167s] Level 1:colcon.colcon_core.package_identification:_identify(/home/prethiviraj/butler_robot/src/butler_robot) by extension 'colcon_meta'
[0.167s] Level 1:colcon.colcon_core.package_identification:_identify(/home/prethiviraj/butler_robot/src/butler_robot) by extensions ['ros']
[0.167s] Level 1:colcon.colcon_core.package_identification:_identify(/home/prethiviraj/butler_robot/src/butler_robot) by extension 'ros'
[0.169s] DEBUG:colcon.colcon_core.package_identification:Package '/home/prethiviraj/butler_robot/src/butler_robot' with type 'ros.ament_python' and name 'butler_robot'
[0.169s] Level 1:colcon.colcon_core.package_discovery:discover_packages(recursive) using defaults
