running egg_info
creating ../../build/butler_robot/butler_robot.egg-info
writing ../../build/butler_robot/butler_robot.egg-info/PKG-INFO
writing dependency_links to ../../build/butler_robot/butler_robot.egg-info/dependency_links.txt
writing entry points to ../../build/butler_robot/butler_robot.egg-info/entry_points.txt
writing requirements to ../../build/butler_robot/butler_robot.egg-info/requires.txt
writing top-level names to ../../build/butler_robot/butler_robot.egg-info/top_level.txt
writing manifest file '../../build/butler_robot/butler_robot.egg-info/SOURCES.txt'
reading manifest file '../../build/butler_robot/butler_robot.egg-info/SOURCES.txt'
writing manifest file '../../build/butler_robot/butler_robot.egg-info/SOURCES.txt'
running build
running build_py
creating /home/prethiviraj/butler_robot/build/butler_robot/build
creating /home/prethiviraj/butler_robot/build/butler_robot/build/lib
creating /home/prethiviraj/butler_robot/build/butler_robot/build/lib/butler_robot
copying butler_robot/__init__.py -> /home/prethiviraj/butler_robot/build/butler_robot/build/lib/butler_robot
running install
running install_lib
creating /home/prethiviraj/butler_robot/install/butler_robot/lib/python3.10/site-packages/butler_robot
copying /home/prethiviraj/butler_robot/build/butler_robot/build/lib/butler_robot/__init__.py -> /home/prethiviraj/butler_robot/install/butler_robot/lib/python3.10/site-packages/butler_robot
byte-compiling /home/prethiviraj/butler_robot/install/butler_robot/lib/python3.10/site-packages/butler_robot/__init__.py to __init__.cpython-310.pyc
running install_data
creating /home/prethiviraj/butler_robot/install/butler_robot/share/ament_index
creating /home/prethiviraj/butler_robot/install/butler_robot/share/ament_index/resource_index
creating /home/prethiviraj/butler_robot/install/butler_robot/share/ament_index/resource_index/packages
copying resource/butler_robot -> /home/prethiviraj/butler_robot/install/butler_robot/share/ament_index/resource_index/packages
copying package.xml -> /home/prethiviraj/butler_robot/install/butler_robot/share/butler_robot
running install_egg_info
Copying ../../build/butler_robot/butler_robot.egg-info to /home/prethiviraj/butler_robot/install/butler_robot/lib/python3.10/site-packages/butler_robot-0.0.0-py3.10.egg-info
running install_scripts
writing list of installed files to '/home/prethiviraj/butler_robot/build/butler_robot/install.log'
