[0.306s] Invoking command in '/home/prethiviraj/butler_robot/src/butler_robot': PYTHONPATH=/home/prethiviraj/butler_robot/build/butler_robot/prefix_override:/usr/lib/python3/dist-packages/colcon_core/task/python/colcon_distutils_commands:/home/prethiviraj/butler_robot/install/butler_robot/lib/python3.10/site-packages:${PYTHONPATH} /usr/bin/python3 -W ignore:setup.py install is deprecated -W ignore:easy_install command is deprecated setup.py egg_info --egg-base ../../build/butler_robot build --build-base /home/prethiviraj/butler_robot/build/butler_robot/build install --record /home/prethiviraj/butler_robot/build/butler_robot/install.log --single-version-externally-managed install_data
[0.423s] running egg_info
[0.423s] creating ../../build/butler_robot/butler_robot.egg-info
[0.423s] writing ../../build/butler_robot/butler_robot.egg-info/PKG-INFO
[0.423s] writing dependency_links to ../../build/butler_robot/butler_robot.egg-info/dependency_links.txt
[0.424s] writing entry points to ../../build/butler_robot/butler_robot.egg-info/entry_points.txt
[0.424s] writing requirements to ../../build/butler_robot/butler_robot.egg-info/requires.txt
[0.424s] writing top-level names to ../../build/butler_robot/butler_robot.egg-info/top_level.txt
[0.424s] writing manifest file '../../build/butler_robot/butler_robot.egg-info/SOURCES.txt'
[0.424s] reading manifest file '../../build/butler_robot/butler_robot.egg-info/SOURCES.txt'
[0.425s] writing manifest file '../../build/butler_robot/butler_robot.egg-info/SOURCES.txt'
[0.425s] running build
[0.425s] running build_py
[0.425s] creating /home/prethiviraj/butler_robot/build/butler_robot/build
[0.425s] creating /home/prethiviraj/butler_robot/build/butler_robot/build/lib
[0.425s] creating /home/prethiviraj/butler_robot/build/butler_robot/build/lib/butler_robot
[0.425s] copying butler_robot/__init__.py -> /home/prethiviraj/butler_robot/build/butler_robot/build/lib/butler_robot
[0.425s] running install
[0.425s] running install_lib
[0.426s] creating /home/prethiviraj/butler_robot/install/butler_robot/lib/python3.10/site-packages/butler_robot
[0.426s] copying /home/prethiviraj/butler_robot/build/butler_robot/build/lib/butler_robot/__init__.py -> /home/prethiviraj/butler_robot/install/butler_robot/lib/python3.10/site-packages/butler_robot
[0.426s] byte-compiling /home/prethiviraj/butler_robot/install/butler_robot/lib/python3.10/site-packages/butler_robot/__init__.py to __init__.cpython-310.pyc
[0.426s] running install_data
[0.426s] creating /home/prethiviraj/butler_robot/install/butler_robot/share/ament_index
[0.426s] creating /home/prethiviraj/butler_robot/install/butler_robot/share/ament_index/resource_index
[0.426s] creating /home/prethiviraj/butler_robot/install/butler_robot/share/ament_index/resource_index/packages
[0.426s] copying resource/butler_robot -> /home/prethiviraj/butler_robot/install/butler_robot/share/ament_index/resource_index/packages
[0.426s] copying package.xml -> /home/prethiviraj/butler_robot/install/butler_robot/share/butler_robot
[0.426s] running install_egg_info
[0.427s] Copying ../../build/butler_robot/butler_robot.egg-info to /home/prethiviraj/butler_robot/install/butler_robot/lib/python3.10/site-packages/butler_robot-0.0.0-py3.10.egg-info
[0.427s] running install_scripts
[0.438s] writing list of installed files to '/home/prethiviraj/butler_robot/build/butler_robot/install.log'
[0.450s] Invoked command in '/home/prethiviraj/butler_robot/src/butler_robot' returned '0': PYTHONPATH=/home/prethiviraj/butler_robot/build/butler_robot/prefix_override:/usr/lib/python3/dist-packages/colcon_core/task/python/colcon_distutils_commands:/home/prethiviraj/butler_robot/install/butler_robot/lib/python3.10/site-packages:${PYTHONPATH} /usr/bin/python3 -W ignore:setup.py install is deprecated -W ignore:easy_install command is deprecated setup.py egg_info --egg-base ../../build/butler_robot build --build-base /home/prethiviraj/butler_robot/build/butler_robot/build install --record /home/prethiviraj/butler_robot/build/butler_robot/install.log --single-version-externally-managed install_data
