[0.373s] Invoking command in '/home/prethiviraj/butler_robot/src/butler_robot': PYTHONPATH=/home/prethiviraj/butler_robot/build/butler_robot/prefix_override:/usr/lib/python3/dist-packages/colcon_core/task/python/colcon_distutils_commands:/home/prethiviraj/butler_robot/install/butler_robot/lib/python3.10/site-packages:${PYTHONPATH} /usr/bin/python3 -W ignore:setup.py install is deprecated -W ignore:easy_install command is deprecated setup.py egg_info --egg-base ../../build/butler_robot build --build-base /home/prethiviraj/butler_robot/build/butler_robot/build install --record /home/prethiviraj/butler_robot/build/butler_robot/install.log --single-version-externally-managed install_data
[0.501s] running egg_info
[0.501s] writing ../../build/butler_robot/butler_robot.egg-info/PKG-INFO
[0.501s] writing dependency_links to ../../build/butler_robot/butler_robot.egg-info/dependency_links.txt
[0.501s] writing entry points to ../../build/butler_robot/butler_robot.egg-info/entry_points.txt
[0.501s] writing requirements to ../../build/butler_robot/butler_robot.egg-info/requires.txt
[0.501s] writing top-level names to ../../build/butler_robot/butler_robot.egg-info/top_level.txt
[0.502s] reading manifest file '../../build/butler_robot/butler_robot.egg-info/SOURCES.txt'
[0.502s] writing manifest file '../../build/butler_robot/butler_robot.egg-info/SOURCES.txt'
[0.503s] running build
[0.503s] running build_py
[0.503s] running install
[0.503s] running install_lib
[0.504s] running install_data
[0.504s] copying launch/robot_navigation.launch.py -> /home/prethiviraj/butler_robot/install/butler_robot/share/butler_robot/launch
[0.504s] running install_egg_info
[0.505s] removing '/home/prethiviraj/butler_robot/install/butler_robot/lib/python3.10/site-packages/butler_robot-0.0.0-py3.10.egg-info' (and everything under it)
[0.505s] Copying ../../build/butler_robot/butler_robot.egg-info to /home/prethiviraj/butler_robot/install/butler_robot/lib/python3.10/site-packages/butler_robot-0.0.0-py3.10.egg-info
[0.505s] running install_scripts
[0.516s] Installing goal_publisher script to /home/prethiviraj/butler_robot/install/butler_robot/lib/butler_robot
[0.516s] writing list of installed files to '/home/prethiviraj/butler_robot/build/butler_robot/install.log'
[0.528s] Invoked command in '/home/prethiviraj/butler_robot/src/butler_robot' returned '0': PYTHONPATH=/home/prethiviraj/butler_robot/build/butler_robot/prefix_override:/usr/lib/python3/dist-packages/colcon_core/task/python/colcon_distutils_commands:/home/prethiviraj/butler_robot/install/butler_robot/lib/python3.10/site-packages:${PYTHONPATH} /usr/bin/python3 -W ignore:setup.py install is deprecated -W ignore:easy_install command is deprecated setup.py egg_info --egg-base ../../build/butler_robot build --build-base /home/prethiviraj/butler_robot/build/butler_robot/build install --record /home/prethiviraj/butler_robot/build/butler_robot/install.log --single-version-externally-managed install_data
